
OPTIONAL ONLY. 

Perform these procedures if you want to use MySQL as your database server.


Login to your ubuntu server and execute the following steps below 
and use "Git Bash" to login remotely to the server.


------------------------------------------
Step-01: Installing MySQL
------------------------------------------
$ sudo apt update 

$ sudo apt install mysql-server

$ sudo systemctl status mysql 

$ sudo mysql_secure_installation


  01.  In the VALIDATE PASSWORD PLUGIN 
       press Y and press ENTER to proceed

  02.  In the password validation policy
       press 1 and press ENTER to proceed 

       Type the following password below: 

       P@ssw0rd#


  03.  To continue with the password provided
       press Y and press ENTER to proceed

  04.  To Remove anonymous users 
       press Y and press ENTER to proceed 

  05.  To Disallow root login remotely
       press Y and press ENTER to proceed 

  06.  To Remove test database
       press Y and press ENTER to proceed 

  07.  To Reload privilege tables
       press Y and press ENTER to proceed 


------------------------------------------
Step-02: Configure MySQL 
------------------------------------------
$ sudo mysql 

## 
## Execute the following commands below
## 

mysql> ALTER USER root@'localhost' IDENTIFIED WITH mysql_native_password BY 'P@ssw0rd#'; 

mysql> CREATE USER root@'%' IDENTIFIED BY 'P@ssw0rd#';

mysql> GRANT ALL PRIVILEGES ON *.* TO root@'%';

mysql> FLUSH PRIVILEGES;

mysql> \q


$ sudo nano /etc/mysql/mysql.conf.d/mysqld.cnf

  
  01.  Scroll down and locate the variable "bind-address"

  02.  Disable this setting by adding a Number Sign Character (#) 
       before the variable name. 

       The result will look like this. 

       #bind-address = 127.0.0.1

  03.  Scroll down and locate the variable "max_allowed_packet". 
       If found change the value to 50M

       The result will look like this. 

       max_allowed_packet = 50M


       If not found, just add that setting at the 
       last line of the file. Be sure to leave no 
       spaces after the value 50M 


  04.  Scroll down to the last line of the file 
       and add the following setting below: 

       innodb_file_per_table=1


  05.  Press CTRL X, then press Y, then press ENTER 
       to exit and save changes on the file.


$ sudo service mysql stop 

$ sudo service mysql start


------------------------------------------
Step-03: Test MySQL 
------------------------------------------
$ mysql -u root -p 

